### Issue Description

This issue arises from failures observed in the SymPy Continuous Integration (CI) system, specifically in the following pull request: [sympy/sympy#23847](https://github.com/sympy/sympy/pull/23847).

The release of Cython 0.29.31 has caused problems when building SciPy from source using `pip`. This failure occurs with both the latest release of SciPy (version 1.8.1) and the main branch. The root cause appears to be that the `pyproject.toml` file on the 1.8.x branch lacks a proper upper bound for the Cython version. Currently, it only requires `Cython >= 0.29.18`, which is not sufficient.

### Error Details

During the build process, the following errors were encountered:

1. **Cython Compilation Errors:**
   - Multiple Cython files were being processed, including:
     - `scipy/special/_ufuncs.pyx`
     - `scipy/special/_test_round.pyx`
     - `scipy/special/_ufuncs_cxx.pyx`
     - `scipy/special/_ellip_harm_2.pyx`
     - `scipy/special/cython_special.pyx`
     - `scipy/special/_comb.pyx`
     - `scipy/spatial/_voronoi.pyx`
     - `scipy/spatial/_hausdorff.pyx`
     - `scipy/spatial/_qhull.pyx`
     - `scipy/spatial/_ckdtree.pyx`
     - `scipy/spatial/transform/_rotation.pyx`
     - `scipy/interpolate/_ppoly.pyx`
     - `scipy/interpolate/_bspl.pyx`
     - `scipy/interpolate/interpnd.pyx`
     - `scipy/cluster/_vq.pyx`
     - `scipy/cluster/_hierarchy.pyx`
     - `scipy/cluster/_optimal_leaf_ordering.pyx`
     - `scipy/_lib/messagestream.pyx`
     - `scipy/_lib/_test_deprecation_call.pyx`
     - `scipy/_lib/_test_deprecation_def.pyx`
     - `scipy/_lib/_ccallback_c.pyx`
     - `scipy/signal/_upfirdn_apply.pyx`
     - `scipy/signal/_max_len_seq_inner.pyx`
     - `scipy/signal/_sosfilt.pyx`
     - `scipy/signal/_spectral.pyx`
     - `scipy/signal/_peak_finding_utils.pyx`
     - `scipy/io/matlab/_streams.pyx`
     - `scipy/io/matlab/_mio5_utils.pyx`
     - `scipy/io/matlab/_mio_utils.pyx`
     - `scipy/stats/_stats.pyx`
     - `scipy/stats/_qmc_cy.pyx`
     - `scipy/stats/_biasedurn.pyx`
     - `scipy/stats/_sobol.pyx`
     - `scipy/stats/_boost/src/nbinom_ufunc.pyx`
     - `scipy/stats/_boost/src/beta_ufunc.pyx`
     - `scipy/stats/_boost/src/binom_ufunc.pyx`

   - A specific error was encountered in `_stats.pyx`:
     ```cython
     _stats.pyx:173:0: Referring to a memoryview typed argument directly in a nested closure function is not supported in Cython 0.x. Either upgrade to Cython 3, or assign the argument to a local variable and use that in the nested function.
     ```

2. **Build Process Failure:**
   - The build process failed with the following traceback:
     ```python
     Traceback (most recent call last):
       File "/tmp/pip-install-wnazhy0r/scipy_3ee8a876e4f54aa7bfa3d9fdba592754/tools/cythonize.py", line 317, in <module>
         main()
       File "/tmp/pip-install-wnazhy0r/scipy_3ee8a876e4f54aa7bfa3d9fdba592754/tools/cythonize.py", line 313, in main
         find_process_files(root_dir)
       File "/tmp/pip-install-wnazhy0r/scipy_3ee8a876e4f54aa7bfa3d9fdba592754/tools/cythonize.py", line 302, in find_process_files
         for result in pool.imap_unordered(lambda args: process(*args), jobs):
       File "/usr/lib/python3.8/multiprocessing/pool.py", line 868, in next
         raise value
       File "/usr/lib/python3.8/multiprocessing/pool.py", line 125, in worker
         result = (True, func(*args, **kwds))
       File "/tmp/pip-install-wnazhy0r/scipy_3ee8a876e4f54aa7bfa3d9fdba592754/tools/cythonize.py", line 302, in <lambda>
         for result in pool.imap_unordered(lambda args: process(*args), jobs):
       File "/tmp/pip-install-wnazhy0r/scipy_3ee8a876e4f54aa7bfa3d9fdba592754/tools/cythonize.py", line 236, in process
         processor_function(fromfile, tofile, cwd=path)
       File "/tmp/pip-install-wnazhy0r/scipy_3ee8a876e4f54aa7bfa3d9fdba592754/tools/cythonize.py", line 102, in process_pyx
         raise Exception('Cython failed')
     Exception: Cython failed
     ```

3. **Setup Script Errors:**
   - The setup script also encountered issues:
     ```python
     setup.py:486: UserWarning: Unrecognized setuptools command ('dist_info --egg-base /tmp/pip-modern-metadata-tcs7khbn'), proceeding with generating Cython sources and expanding templates
       warnings.warn("Unrecognized setuptools command ('{}'), proceeding with "
     Running from SciPy source directory.
     Cythonizing sources
     Traceback (most recent call last):
       File "setup.py", line 350, in generate_cython
         import pip
     ModuleNotFoundError: No module named 'pip'
     During handling of the above exception, another exception occurred:
     Traceback (most recent call last):
       File "/home/oscar/current/sympy/sympy.git/tmpvenv/lib/python3.8/site-packages/pip/_vendor/pep517/in_process/_in_process.py", line 363, in <module>
         main()
       File "/home/oscar/current/sympy/sympy.git/tmpvenv/lib/python3.8/site-packages/pip/_vendor/pep517/in_process/_in_process.py", line 345, in main
         json_out['return_val'] = hook(**hook_input['kwargs'])
       File "/home/oscar/current/sympy/sympy.git/tmpvenv/lib/python3.8/site-packages/pip/_vendor/pep517/in_process/_in_process.py", line 164, in prepare_metadata_for_build_wheel
         return hook(metadata_directory, config_settings)
       File "/tmp/pip-build-env-nvuzm8iv/overlay/lib/python3.8/site-packages/setuptools/build_meta.py", line 174, in prepare_metadata_for_build_wheel
         self.run_setup()
       File "/tmp/pip-build-env-nvuzm8iv/overlay/lib/python3.8/site-packages/setuptools/build_meta.py", line 267, in run_setup
         super(_BuildMetaLegacyBackend,
       File "/tmp/pip-build-env-nvuzm8iv/overlay/lib/python3.8/site-packages/setuptools/build_meta.py", line 158, in run_setup
         exec(compile(code, __file__, 'exec'), locals())
       File "setup.py", line 628, in <module>
         setup_package()
       File "setup.py", line 612, in setup_package
         generate_cython()
       File "setup.py", line 352, in generate_cython
         raise RuntimeError("Running cythonize failed!")
     RuntimeError: Running cythonize failed!
     ```

### Version Information

- **SciPy:** 1.8.1 and current main
- **NumPy:** 1.23.1
- **Python:** Any version of Python or PyPy
- **Cython:** 0.29.31

### Conclusion

To resolve this issue, the `pyproject.toml` file on the 1.8.x branch should be updated to include a more restrictive upper bound for the Cython version. Additionally, the Cython code in `_stats.pyx` needs to be modified to avoid direct references to memoryview typed arguments in nested closure functions, as this is not supported in Cython 0.x. Upgrading to Cython 3 or refactoring the code to use local variables is recommended.