# Checklist
  * I have verified that the issue exists against the `master` branch of Celery.
  * This has already been asked to the discussions forum first.
  * I have read the relevant section in the  
contribution guide  
on reporting bugs.
  * I have checked the issues list  
for similar or identical bug reports.
  * I have checked the pull requests list  
for existing proposed fixes.
  * I have checked the commit log  
to find out if the bug was already fixed in the master branch.
  * I have included all related issues and possible duplicate issues  
in this issue (If there are none, check this box anyway).
## Mandatory Debugging Information
  * I have included the output of `celery -A proj report` in the issue.  
(if you are not able to do this, then at least specify the Celery  
version affected).
  * I have verified that the issue exists against the `master` branch of Celery.
  * I have included the contents of `pip freeze` in the issue.
  * I have included all the versions of all the external dependencies required  
to reproduce this bug.
## Optional Debugging Information
  * I have tried reproducing the issue on more than one Python version  
and/or implementation.
  * I have tried reproducing the issue on more than one message broker and/or  
result backend.
  * I have tried reproducing the issue on more than one version of the message  
broker and/or result backend.
  * I have tried reproducing the issue on more than one operating system.
  * I have tried reproducing the issue on more than one workers pool.
  * I have tried reproducing the issue with autoscaling, retries,  
ETA/Countdown & rate limits disabled.
  * I have tried reproducing the issue after downgrading  
and/or upgrading Celery and its dependencies.
## Related Issues and Possible Duplicates
#### Related Issues
  * None
#### Possible Duplicates
  * None
## Environment & Settings
**Celery version** : 5.2.0 (dawn-chorus)
**`celery report` Output:**
    software -> celery:5.2.0 (dawn-chorus) kombu:5.2.1 py:3.8.6
                billiard:3.6.4.0 py-amqp:5.0.6
    platform -> system:Darwin arch:64bit
                kernel version:18.7.0 imp:CPython
    loader   -> celery.loaders.default.Loader
    settings -> transport:amqp results:disabled
    deprecated_settings: None
# Steps to Reproduce
  1. create task.py with contents:
    @app.task(autoretry_for=(Exception,), retry_backoff=True, name="task", acks_late=True)
    def task():
        print("failing")
        raise Exception()
    if __name__ == '__main__':
        task.apply_async(queue='task', expires=60)
  1. run `celery -A task worker -n task -Q task`
  2. run `python task.py`
## Required Dependencies
  * **Minimal Python Version** : 3.8.6
  * **Minimal Celery Version** : 5.2.0
  * **Minimal Kombu Version** : 5.2.1
  * **Minimal Broker Version** : RabbitMQ 3.8.16
  * **Minimal Result Backend Version** : N/A or Unknown
  * **Minimal OS and/or Kernel Version** : N/A or Unknown
  * **Minimal Broker Client Version** : N/A or Unknown
  * **Minimal Result Backend Client Version** : N/A or Unknown
### Python Packages
**`pip freeze` Output:**
    amqp==5.0.6
    billiard==3.6.4.0
    celery==5.2.0
    click==8.0.3
    click-didyoumean==0.3.0
    click-plugins==1.1.1
    click-repl==0.2.0
    kombu==5.2.1
    prompt-toolkit==3.0.22
    pytz==2021.3
    redis==3.5.3
    six==1.16.0
    vine==5.0.0
    wcwidth==0.2.5
### Other Dependencies
N/A
## Minimally Reproducible Test Case
    @app.task(autoretry_for=(Exception,), retry_backoff=True, name="task", acks_late=True)
    def task():
        print("failing")
        raise Exception()
    if __name__ == '__main__':
        task.apply_async(queue='task', expires=60)
# Expected Behavior
the task should run and fail 3 times
# Actual Behavior
the task runs and fails once, then the following error
    [2021-11-14 18:47:19,555: WARNING/ForkPoolWorker-2] Task task[01e23705-69eb-4021-82fa-7653611cd15f] reject requeue=False: '<' not supported between instances of 'str' and 'int'
    Traceback (most recent call last):
      File "/Users/pelegvia/.pyenv/versions/via-algo-maps3.8.6/lib/python3.8/site-packages/celery/app/autoretry.py", line 34, in run
        return task._orig_run(*args, **kwargs)
      File "/Users/pelegvia/workspace/task-manager/task.py", line 25, in task
        raise Exception()
    Exception
    During handling of the above exception, another exception occurred:
    Traceback (most recent call last):
      File "/Users/pelegvia/.pyenv/versions/via-algo-maps3.8.6/lib/python3.8/site-packages/celery/app/task.py", line 734, in retry
        S.apply_async()
      File "/Users/pelegvia/.pyenv/versions/via-algo-maps3.8.6/lib/python3.8/site-packages/celery/canvas.py", line 219, in apply_async
        return _apply(args, kwargs, **options)
      File "/Users/pelegvia/.pyenv/versions/via-algo-maps3.8.6/lib/python3.8/site-packages/celery/app/task.py", line 575, in apply_async
        return app.send_task(
      File "/Users/pelegvia/.pyenv/versions/via-algo-maps3.8.6/lib/python3.8/site-packages/celery/app/base.py", line 741, in send_task
        if expires_s < 0:
    TypeError: '<' not supported between instances of 'str' and 'int'
    During handling of the above exception, another exception occurred:
    Traceback (most recent call last):
      File "/Users/pelegvia/.pyenv/versions/via-algo-maps3.8.6/lib/python3.8/site-packages/celery/app/trace.py", line 451, in trace_task
        R = retval = fun(*args, **kwargs)
      File "/Users/pelegvia/.pyenv/versions/via-algo-maps3.8.6/lib/python3.8/site-packages/celery/app/trace.py", line 734, in __protected_call__
        return self.run(*args, **kwargs)
      File "/Users/pelegvia/.pyenv/versions/via-algo-maps3.8.6/lib/python3.8/site-packages/celery/app/autoretry.py", line 54, in run
        ret = task.retry(exc=exc, **retry_kwargs)
      File "/Users/pelegvia/.pyenv/versions/via-algo-maps3.8.6/lib/python3.8/site-packages/celery/app/task.py", line 736, in retry
        raise Reject(exc, requeue=False)
    celery.exceptions.Reject: (TypeError("'<' not supported between instances of 'str' and 'int'"), False)
# Notes
This does not happen on 5.1.2 only on 5.2.0